{'c': 1, 't': 1, 'B': 1, 'layer': 'all2', 'share': 0, 'us': 26.0, 'cfg': ((1, 8, 6), (1, 8, 4))}
{'c': 1, 't': 1, 'B': 1, 'layer': 'all4', 'share': 1, 'us': 45.7, 'cfg': ((1, 8, 6), (1, 8, 4))}
{'c': 1, 't': 1, 'B': 1, 'layer': 'pool', 'share': 0.656, 'us': 41.2, 'cfg': ((1, 8, 6), (1, 8, 4))}
{'c': 1, 't': 4, 'B': 4, 'layer': 'all2', 'share': 0, 'us': 64.3, 'cfg': ((1, 8, 6), (1, 8, 4))}
{'c': 1, 't': 4, 'B': 4, 'layer': 'all4', 'share': 1, 'us': 108.1, 'cfg': ((1, 8, 6), (1, 8, 4))}
{'c': 1, 't': 4, 'B': 4, 'layer': 'pool', 'share': 0.656, 'us': 95.5, 'cfg': ((1, 8, 6), (1, 8, 4))}
{'c': 2, 't': 1, 'B': 2, 'layer': 'all2', 'share': 0, 'us': 46.8, 'cfg': ((1, 8, 12), (1, 8, 4))}
{'c': 2, 't': 1, 'B': 2, 'layer': 'all4', 'share': 1, 'us': 82.4, 'cfg': ((1, 8, 12), (1, 8, 4))}
{'c': 2, 't': 1, 'B': 2, 'layer': 'pool', 'share': 0.63, 'us': 68.9, 'cfg': ((1, 8, 6), (1, 8, 4))}
{'c': 2, 't': 4, 'B': 8, 'layer': 'all2', 'share': 0, 'us': 129.5, 'cfg': ((1, 8, 12), (1, 8, 4))}
{'c': 2, 't': 4, 'B': 8, 'layer': 'all4', 'share': 1, 'us': 212.2, 'cfg': ((1, 8, 12), (1, 8, 4))}
{'c': 2, 't': 4, 'B': 8, 'layer': 'pool', 'share': 0.63, 'us': 179.4, 'cfg': ((1, 8, 12), (1, 8, 4))}
{'c': 4, 't': 1, 'B': 4, 'layer': 'all2', 'share': 0, 'us': 88.8, 'cfg': ((1, 8, 12), (1, 8, 4))}
{'c': 4, 't': 1, 'B': 4, 'layer': 'all4', 'share': 1, 'us': 150.5, 'cfg': ((1, 8, 12), (1, 8, 4))}
{'c': 4, 't': 1, 'B': 4, 'layer': 'pool', 'share': 0.6, 'us': 123.4, 'cfg': ((1, 8, 6), (1, 8, 4))}
{'c': 4, 't': 4, 'B': 16, 'layer': 'all2', 'share': 0, 'us': 252.4, 'cfg': ((1, 8, 12), (1, 8, 4))}
{'c': 4, 't': 4, 'B': 16, 'layer': 'all4', 'share': 1, 'us': 439.8, 'cfg': ((1, 8, 12), (1, 8, 4))}
{'c': 4, 't': 4, 'B': 16, 'layer': 'pool', 'share': 0.6, 'us': 367.2, 'cfg': ((1, 8, 12), (1, 8, 4))}
{'c': 8, 't': 1, 'B': 8, 'layer': 'all2', 'share': 0, 'us': 164.7, 'cfg': ((1, 8, 12), (1, 8, 4))}
{'c': 8, 't': 1, 'B': 8, 'layer': 'all4', 'share': 1, 'us': 297.1, 'cfg': ((1, 8, 12), (1, 8, 4))}
{'c': 8, 't': 1, 'B': 8, 'layer': 'pool', 'share': 0.56, 'us': 233.7, 'cfg': ((1, 8, 12), (1, 8, 4))}
{'c': 8, 't': 4, 'B': 32, 'layer': 'all2', 'share': 0, 'us': 497.7, 'cfg': ((1, 8, 12), (1, 8, 4))}
{'c': 8, 't': 4, 'B': 32, 'layer': 'all4', 'share': 1, 'us': 897.3, 'cfg': ((1, 8, 12), (1, 8, 4))}
{'c': 8, 't': 4, 'B': 32, 'layer': 'pool', 'share': 0.56, 'us': 727.8, 'cfg': ((1, 8, 12), (1, 8, 4))}
all2 all-expert decode pass us 763.9 ('all2', (1, 8, 12), (1, 8, 4))
all4 all-expert decode pass us 1320.9 ('all4', (1, 8, 12), (1, 8, 4))
write GB/s 1638.1
W 4096 expert GEMMs ms/layer 6.08 TFLOPS 101.7
W 8192 expert GEMMs ms/layer 12.377 TFLOPS 99.9
W 16384 expert GEMMs ms/layer 22.97 TFLOPS 107.7
W 32768 expert GEMMs ms/layer 44.209 TFLOPS 111.9
