encoded L3 E0 rate 4.1532
encoded L3 E1 rate 4.1671
encoded L3 E2 rate 4.1680
encoded L3 E3 rate 4.1385
encoded L3 E4 rate 4.1523
(1) bytes per expert-shard {"gate": {"base": 393216, "p4": 393216, "word": 1536, "suh2": 12288, "svh2": 512, "suh4": 12288, "svh4": 512, "var": 768}, "up": {"base": 393216, "p4": 393216, "word": 1536, "suh2": 12288, "svh2": 512, "suh4": 12288, "svh4": 512, "var": 768}, "down": {"base": 393216, "p4": 454656, "word": 1536, "suh2": 512, "svh2": 12288, "suh4": 512, "svh4": 12288, "var": 768}}
  ok   base 786,432 gu / 393,216 down
  ok   P4 786,432 gu / 454,656 down (4.1263 row)
  ok   block words u16 (d4 u32 in the kernel = 6,144 / 3,072)
  ok   sign variant 1 bit/ring = 1,536 gu / 768 down (uint8 per unit)
  ok   E0 manifest lr_rank {'gate': 1, 'up': 1, 'down': 3}
  ok   E1 manifest lr_rank {'gate': 4, 'up': 4, 'down': 1}
  ok   E2 manifest lr_rank {'gate': 2, 'up': 2, 'down': 4}
  ok   E3 manifest lr_rank {'gate': 0, 'up': 0, 'down': 2}
  ok   E4 manifest lr_rank {'gate': 3, 'up': 3, 'down': 0}
  ok   config base_var sign, res_K 2/2/2.3125
  ok   (2) E0 assemble(tp*.pt) decode == artifact decode, levels 2/4
  ok   (2) E1 assemble(tp*.pt) decode == artifact decode, levels 2/4
  ok   (2) E2 assemble(tp*.pt) decode == artifact decode, levels 2/4
  ok   (2) E3 assemble(tp*.pt) decode == artifact decode, levels 2/4
  ok   (2) E4 assemble(tp*.pt) decode == artifact decode, levels 2/4
  ok   (3) E0 TP8: group decode from shard files == full decode slice (8 ranks x 2 levels)
  ok   (3) E0 TP8: kernel decode == nq_decode bitwise, 48 projections (0 mismatching)
  ok   (4) E0 TP8 level 2: sum of rank partials vs dense expert, rel err 1.09e-03
  ok   (4) E0 TP8 level 4: sum of rank partials vs dense expert, rel err 1.02e-03
  ok   (3) E0 TP4: group decode from shard files == full decode slice (4 ranks x 2 levels)
  ok   (3) E0 TP4: kernel decode == nq_decode bitwise, 24 projections (0 mismatching)
  ok   (4) E0 TP4 level 2: sum of rank partials vs dense expert, rel err 1.09e-03
  ok   (4) E0 TP4 level 4: sum of rank partials vs dense expert, rel err 1.02e-03
  ok   (3) E0 TP1: group decode from shard files == full decode slice (1 ranks x 2 levels)
  ok   (3) E0 TP1: kernel decode == nq_decode bitwise, 6 projections (0 mismatching)
  ok   (4) E0 TP1 level 2: sum of rank partials vs dense expert, rel err 1.09e-03
  ok   (4) E0 TP1 level 4: sum of rank partials vs dense expert, rel err 1.02e-03
  ok   (3) E1 TP8: group decode from shard files == full decode slice (8 ranks x 2 levels)
  ok   (3) E1 TP8: kernel decode == nq_decode bitwise, 48 projections (0 mismatching)
  ok   (4) E1 TP8 level 2: sum of rank partials vs dense expert, rel err 9.43e-04
  ok   (4) E1 TP8 level 4: sum of rank partials vs dense expert, rel err 8.71e-04
  ok   (3) E1 TP4: group decode from shard files == full decode slice (4 ranks x 2 levels)
  ok   (3) E1 TP4: kernel decode == nq_decode bitwise, 24 projections (0 mismatching)
  ok   (4) E1 TP4 level 2: sum of rank partials vs dense expert, rel err 9.43e-04
  ok   (4) E1 TP4 level 4: sum of rank partials vs dense expert, rel err 8.71e-04
  ok   (3) E1 TP1: group decode from shard files == full decode slice (1 ranks x 2 levels)
  ok   (3) E1 TP1: kernel decode == nq_decode bitwise, 6 projections (0 mismatching)
  ok   (4) E1 TP1 level 2: sum of rank partials vs dense expert, rel err 9.44e-04
  ok   (4) E1 TP1 level 4: sum of rank partials vs dense expert, rel err 8.71e-04
  ok   (3) E2 TP8: group decode from shard files == full decode slice (8 ranks x 2 levels)
  ok   (3) E2 TP8: kernel decode == nq_decode bitwise, 48 projections (0 mismatching)
  ok   (4) E2 TP8 level 2: sum of rank partials vs dense expert, rel err 1.31e-03
  ok   (4) E2 TP8 level 4: sum of rank partials vs dense expert, rel err 1.20e-03
  ok   (3) E2 TP4: group decode from shard files == full decode slice (4 ranks x 2 levels)
  ok   (3) E2 TP4: kernel decode == nq_decode bitwise, 24 projections (0 mismatching)
  ok   (4) E2 TP4 level 2: sum of rank partials vs dense expert, rel err 1.31e-03
  ok   (4) E2 TP4 level 4: sum of rank partials vs dense expert, rel err 1.20e-03
  ok   (3) E2 TP1: group decode from shard files == full decode slice (1 ranks x 2 levels)
  ok   (3) E2 TP1: kernel decode == nq_decode bitwise, 6 projections (0 mismatching)
  ok   (4) E2 TP1 level 2: sum of rank partials vs dense expert, rel err 1.31e-03
  ok   (4) E2 TP1 level 4: sum of rank partials vs dense expert, rel err 1.20e-03
  ok   (3) E3 TP8: group decode from shard files == full decode slice (8 ranks x 2 levels)
  ok   (3) E3 TP8: kernel decode == nq_decode bitwise, 48 projections (0 mismatching)
  ok   (4) E3 TP8 level 2: sum of rank partials vs dense expert, rel err 1.00e-03
  ok   (4) E3 TP8 level 4: sum of rank partials vs dense expert, rel err 9.61e-04
  ok   (3) E3 TP4: group decode from shard files == full decode slice (4 ranks x 2 levels)
  ok   (3) E3 TP4: kernel decode == nq_decode bitwise, 24 projections (0 mismatching)
  ok   (4) E3 TP4 level 2: sum of rank partials vs dense expert, rel err 1.00e-03
  ok   (4) E3 TP4 level 4: sum of rank partials vs dense expert, rel err 9.61e-04
  ok   (3) E3 TP1: group decode from shard files == full decode slice (1 ranks x 2 levels)
  ok   (3) E3 TP1: kernel decode == nq_decode bitwise, 6 projections (0 mismatching)
  ok   (4) E3 TP1 level 2: sum of rank partials vs dense expert, rel err 1.00e-03
  ok   (4) E3 TP1 level 4: sum of rank partials vs dense expert, rel err 9.61e-04
  ok   (3) E4 TP8: group decode from shard files == full decode slice (8 ranks x 2 levels)
  ok   (3) E4 TP8: kernel decode == nq_decode bitwise, 48 projections (0 mismatching)
  ok   (4) E4 TP8 level 2: sum of rank partials vs dense expert, rel err 1.04e-03
  ok   (4) E4 TP8 level 4: sum of rank partials vs dense expert, rel err 9.63e-04
  ok   (3) E4 TP4: group decode from shard files == full decode slice (4 ranks x 2 levels)
  ok   (3) E4 TP4: kernel decode == nq_decode bitwise, 24 projections (0 mismatching)
  ok   (4) E4 TP4 level 2: sum of rank partials vs dense expert, rel err 1.04e-03
  ok   (4) E4 TP4 level 4: sum of rank partials vs dense expert, rel err 9.63e-04
  ok   (3) E4 TP1: group decode from shard files == full decode slice (1 ranks x 2 levels)
  ok   (3) E4 TP1: kernel decode == nq_decode bitwise, 6 projections (0 mismatching)
  ok   (4) E4 TP1 level 2: sum of rank partials vs dense expert, rel err 1.04e-03
  ok   (4) E4 TP1 level 4: sum of rank partials vs dense expert, rel err 9.63e-04
SMOKE PASS
